        Info Looking up installed tauri packages to check mismatched versions...
     Running beforeBuildCommand `npm run build`
[33m[plugin builtin:vite-reporter] 
(!) Some chunks are larger than 500 kB after minification. Consider:
- Using dynamic import() to code-split the application
- Use build.rolldownOptions.output.codeSplitting to improve chunking: https://rolldown.rs/reference/OutputOptions.codeSplitting
- Adjust chunk size limit for this warning via build.chunkSizeWarningLimit.[39m
[33m[33m[INEFFECTIVE_DYNAMIC_IMPORT] [0msrc/lib/workspace.ts is dynamically imported by src/components/SearchPanel.tsx but also statically imported by src/App.tsx, src/components/AccountsModal.tsx, src/components/FusionPanel.tsx, src/components/MenuBar.tsx, src/components/ProjectHealth.tsx, ..., dynamic import will not move module into another chunk.
[39m
[33m[33m[PLUGIN_TIMINGS] [0mJavaScript callbacks ran for 5.1s of this 7.4s build (69%).
3 callbacks are listed without a time. Their calls overlapped, so the time inside one call includes work from other calls. To find their cost, profile the build with `node --cpu-prof`:
  - plugin vite:css transform (106 calls)
  - plugin vite:worker load (5 calls)
  - plugin vite:worker-import-meta-url transform (4 calls)
See https://rolldown.rs/reference/InputOptions.checks#bundlertimings for more details.
[39m
   Compiling vs_ide v0.1.0 (C:\Users\Michael\vs-ide\src-tauri)
    Finished `release` profile [optimized] target(s) in 3m 03s
       Built application at: C:\Users\Michael\vs-ide\src-tauri\target\release\vs_ide.exe
        Info Patching C:\Users\Michael\vs-ide\src-tauri\target\release\vs_ide.exe with bundle type information: nsis
     Signing C:\Users\Michael\vs-ide\src-tauri\target\release\vs_ide.exe
     Signing C:\Users\Michael\vs-ide\src-tauri\target\release\vs_ide.exe with identity "D73B3F7EA0184E938ED5A1C1CB51BFBC5106AE74"
     Signing Output of signing command:
Done Adding Additional Store
Successfully signed: C:\Users\Michael\vs-ide\src-tauri\target\release\vs_ide.exe
        Info Target: x64
        Info Signing NSIS plugins
     Signing C:\Users\Michael\vs-ide\src-tauri\target\release\nsis\x64\Plugins\x86-unicode\NSISdl.dll
     Signing C:\Users\Michael\vs-ide\src-tauri\target\release\nsis\x64\Plugins\x86-unicode\NSISdl.dll with identity "D73B3F7EA0184E938ED5A1C1CB51BFBC5106AE74"
     Signing Output of signing command:
Done Adding Additional Store
Successfully signed: C:\Users\Michael\vs-ide\src-tauri\target\release\nsis\x64\Plugins\x86-unicode\NSISdl.dll
     Signing C:\Users\Michael\vs-ide\src-tauri\target\release\nsis\x64\Plugins\x86-unicode\StartMenu.dll
     Signing C:\Users\Michael\vs-ide\src-tauri\target\release\nsis\x64\Plugins\x86-unicode\StartMenu.dll with identity "D73B3F7EA0184E938ED5A1C1CB51BFBC5106AE74"
     Signing Output of signing command:
Done Adding Additional Store
Successfully signed: C:\Users\Michael\vs-ide\src-tauri\target\release\nsis\x64\Plugins\x86-unicode\StartMenu.dll
     Signing C:\Users\Michael\vs-ide\src-tauri\target\release\nsis\x64\Plugins\x86-unicode\System.dll
     Signing C:\Users\Michael\vs-ide\src-tauri\target\release\nsis\x64\Plugins\x86-unicode\System.dll with identity "D73B3F7EA0184E938ED5A1C1CB51BFBC5106AE74"
     Signing Output of signing command:
Done Adding Additional Store
Successfully signed: C:\Users\Michael\vs-ide\src-tauri\target\release\nsis\x64\Plugins\x86-unicode\System.dll
     Signing C:\Users\Michael\vs-ide\src-tauri\target\release\nsis\x64\Plugins\x86-unicode\nsDialogs.dll
     Signing C:\Users\Michael\vs-ide\src-tauri\target\release\nsis\x64\Plugins\x86-unicode\nsDialogs.dll with identity "D73B3F7EA0184E938ED5A1C1CB51BFBC5106AE74"
     Signing Output of signing command:
Done Adding Additional Store
Successfully signed: C:\Users\Michael\vs-ide\src-tauri\target\release\nsis\x64\Plugins\x86-unicode\nsDialogs.dll
     Signing C:\Users\Michael\vs-ide\src-tauri\target\release\nsis\x64\Plugins\x86-unicode\additional\nsis_tauri_utils.dll
     Signing C:\Users\Michael\vs-ide\src-tauri\target\release\nsis\x64\Plugins\x86-unicode\additional\nsis_tauri_utils.dll with identity "D73B3F7EA0184E938ED5A1C1CB51BFBC5106AE74"
     Signing Output of signing command:
Done Adding Additional Store
Successfully signed: C:\Users\Michael\vs-ide\src-tauri\target\release\nsis\x64\Plugins\x86-unicode\additional/nsis_tauri_utils.dll
     Running makensis to produce C:\Users\Michael\vs-ide\src-tauri\target\release\bundle\nsis\VS-IDE_0.1.1_x64-setup.exe
     Signing C:\Users\Michael\vs-ide\src-tauri\target\release\bundle\nsis\VS-IDE_0.1.1_x64-setup.exe
     Signing C:\Users\Michael\vs-ide\src-tauri\target\release\bundle\nsis\VS-IDE_0.1.1_x64-setup.exe with identity "D73B3F7EA0184E938ED5A1C1CB51BFBC5106AE74"
     Signing Output of signing command:
Done Adding Additional Store
Successfully signed: C:\Users\Michael\vs-ide\src-tauri\target\release\bundle/nsis/VS-IDE_0.1.1_x64-setup.exe
        Info Patching C:\Users\Michael\vs-ide\src-tauri\target\release\vs_ide.exe with bundle type information: msi
     Signing C:\Users\Michael\vs-ide\src-tauri\target\release\vs_ide.exe
     Signing C:\Users\Michael\vs-ide\src-tauri\target\release\vs_ide.exe with identity "D73B3F7EA0184E938ED5A1C1CB51BFBC5106AE74"
     Signing Output of signing command:
Done Adding Additional Store
Successfully signed: C:\Users\Michael\vs-ide\src-tauri\target\release\vs_ide.exe
        Info Target: x64
 Downloading https://go.microsoft.com/fwlink/?linkid=2124701
     Signing C:\Users\Michael\vs-ide\src-tauri\target\release\wix\x64\wix\WixUtilExtension.dll
     Signing C:\Users\Michael\vs-ide\src-tauri\target\release\wix\x64\wix\WixUtilExtension.dll with identity "D73B3F7EA0184E938ED5A1C1CB51BFBC5106AE74"
     Signing Output of signing command:
Done Adding Additional Store
Successfully signed: C:\Users\Michael\vs-ide\src-tauri\target\release\wix\x64\wix\WixUtilExtension.dll
     Signing C:\Users\Michael\vs-ide\src-tauri\target\release\wix\x64\wix\WixUIExtension.dll
     Signing C:\Users\Michael\vs-ide\src-tauri\target\release\wix\x64\wix\WixUIExtension.dll with identity "D73B3F7EA0184E938ED5A1C1CB51BFBC5106AE74"
     Signing Output of signing command:
Done Adding Additional Store
Successfully signed: C:\Users\Michael\vs-ide\src-tauri\target\release\wix\x64\wix\WixUIExtension.dll
     Running candle for "C:\\Users\\Michael\\vs-ide\\src-tauri\\target\\release\\wix\\x64\\main.wxs"
     Running light to produce C:\Users\Michael\vs-ide\src-tauri\target\release\bundle\msi\VS-IDE_0.1.1_x64_en-US.msi
     Signing C:\Users\Michael\vs-ide\src-tauri\target\release\bundle\msi\VS-IDE_0.1.1_x64_en-US.msi
     Signing C:\Users\Michael\vs-ide\src-tauri\target\release\bundle\msi\VS-IDE_0.1.1_x64_en-US.msi with identity "D73B3F7EA0184E938ED5A1C1CB51BFBC5106AE74"
     Signing Output of signing command:
Done Adding Additional Store
Successfully signed: C:\Users\Michael\vs-ide\src-tauri\target\release\bundle/msi/VS-IDE_0.1.1_x64_en-US.msi
    Finished 2 bundles at:
        C:\Users\Michael\vs-ide\src-tauri\target\release\bundle\nsis\VS-IDE_0.1.1_x64-setup.exe
        C:\Users\Michael\vs-ide\src-tauri\target\release\bundle\msi\VS-IDE_0.1.1_x64_en-US.msi

    Finished 2 updater signatures at:
        C:\Users\Michael\vs-ide\src-tauri\target\release\bundle\nsis\VS-IDE_0.1.1_x64-setup.exe.sig
        C:\Users\Michael\vs-ide\src-tauri\target\release\bundle\msi\VS-IDE_0.1.1_x64_en-US.msi.sig

